// Jest Snapshot v1, https://goo.gl/fbAQLP

exports[`if renders correctly 1`] = `
<View
  style={
    Object {
      "backgroundColor": "#e6e6e6",
      "flex": 1,
      "flexDirection": "column",
    }
  }
>
  <RCTScrollView>
    <View />
  </RCTScrollView>
</View>
`;
